[     329ms] [INFO] %cDownload the React DevTools for a better development experience: https://reactjs.org/link/react-devtools font-weight:bold @ http://localhost:9245/node_modules/.vite/deps/chunk-PJEEZAML.js?v=18d19b24:21550
[     351ms] [WARNING] 
%c⚠️ Browser Environment Detected %c

%cOnly UI previews are available in the browser. For full functionality, please run the application in desktop mode.
More information at: https://v3.wails.io/learn/build/#using-a-browser-for-development
 background: #ffffff; color: #000000; font-weight: bold; padding: 4px 8px; border-radius: 4px; border: 2px solid #000000; background: transparent; color: #ffffff; font-style: italic; font-weight: bold; @ http://localhost:9245/node_modules/.vite/deps/@wailsio_runtime.js?v=18d19b24:110
[     359ms] [INFO] 🌐 i18next is made possible by our own product, Locize — consider powering your project with managed localization (AI, CDN, integrations): https://locize.com 💙 @ http://localhost:9245/node_modules/.vite/deps/chunk-RMV57XKV.js?v=18d19b24:1802
[     364ms] [LOG] 🔍 检查 window 对象属性: @ http://localhost:9245/src/App.tsx:37
[     365ms] [LOG] 找到 Wails 相关属性: [cancelIdleCallback, requestIdleCallback, _wails] @ http://localhost:9245/src/App.tsx:41
[     366ms] [LOG]   - cancelIdleCallback: function @ http://localhost:9245/src/App.tsx:43
[     366ms] [LOG]   - requestIdleCallback: function @ http://localhost:9245/src/App.tsx:43
[     366ms] [LOG]   - _wails: object @ http://localhost:9245/src/App.tsx:43
[     366ms] [LOG] window.wails: undefined @ http://localhost:9245/src/App.tsx:45
[     366ms] [LOG] window.Wails: undefined @ http://localhost:9245/src/App.tsx:46
[     379ms] [LOG] 所有全局函数 (前20个): [alert, atob, blur, btoa, cancelAnimationFrame, cancelIdleCallback, captureEvents, clearInterval, clearTimeout, close, confirm, createImageBitmap, fetch, find, focus, getComputedStyle, getSelection, matchMedia, moveBy, moveTo] @ http://localhost:9245/src/App.tsx:48
[     441ms] [ERROR] Failed to load resource: the server responded with a status of 404 (Not Found) @ http://localhost:9245/wails/custom.js:0
[     512ms] [LOG] [hostsApi] getPlatformInfo 调用 @ http://localhost:9245/src/api/hosts.ts:101
[     516ms] [LOG] [hostsApi] getPlatformInfo 调用 @ http://localhost:9245/src/api/hosts.ts:101
[     519ms] [ERROR] Failed to load resource: the server responded with a status of 404 (Not Found) @ http://localhost:9245/wails/runtime:0
[     530ms] [ERROR] Failed to load resource: the server responded with a status of 404 (Not Found) @ http://localhost:9245/wails/runtime:0
[     530ms] [ERROR] Failed to load resource: the server responded with a status of 404 (Not Found) @ http://localhost:9245/wails/runtime:0
[     530ms] [ERROR] Failed to load resource: the server responded with a status of 404 (Not Found) @ http://localhost:9245/wails/runtime:0
[     530ms] [ERROR] Failed to load resource: the server responded with a status of 404 (Not Found) @ http://localhost:9245/wails/runtime:0
[     530ms] [ERROR] Failed to load resource: the server responded with a status of 404 (Not Found) @ http://localhost:9245/wails/runtime:0
[     531ms] [ERROR] Failed to load groups: Error
    at runtimeCallWithID (http://localhost:9245/node_modules/.vite/deps/@wailsio_runtime.js?v=18d19b24:71:11) @ http://localhost:9245/src/main.tsx:19
[     532ms] [ERROR] Failed to load versions: Error
    at runtimeCallWithID (http://localhost:9245/node_modules/.vite/deps/@wailsio_runtime.js?v=18d19b24:71:11) @ http://localhost:9245/src/main.tsx:19
[     532ms] [ERROR] Failed to load platform info: Error
    at runtimeCallWithID (http://localhost:9245/node_modules/.vite/deps/@wailsio_runtime.js?v=18d19b24:71:11) @ http://localhost:9245/src/main.tsx:19
[     532ms] [ERROR] Failed to load groups: Error
    at runtimeCallWithID (http://localhost:9245/node_modules/.vite/deps/@wailsio_runtime.js?v=18d19b24:71:11) @ http://localhost:9245/src/main.tsx:19
[     532ms] [ERROR] Failed to load versions: Error
    at runtimeCallWithID (http://localhost:9245/node_modules/.vite/deps/@wailsio_runtime.js?v=18d19b24:71:11) @ http://localhost:9245/src/main.tsx:19
[     533ms] [ERROR] Failed to load platform info: Error
    at runtimeCallWithID (http://localhost:9245/node_modules/.vite/deps/@wailsio_runtime.js?v=18d19b24:71:11) @ http://localhost:9245/src/main.tsx:19
